// Jest Snapshot v1, https://goo.gl/fbAQLP

exports[`React Icon component should match snapshot 1`] = `
<svg
  className="sources-icon sources-icon-fex"
  fill="currentColor"
  height={48}
  viewBox="0 0 48 48"
  width={48}
  xmlns="http://www.w3.org/2000/svg"
>
  <path
    d="M40 1.199H7v45h10.358V28.317h11.319l3.33-4.618 2.804-3.908H17.358v-9.592H40z"
  />
</svg>
`;
